<?xml version="1.0" encoding="UTF-8" ?><tv date="20220505">
<channel id="1TV.com"><display-name>1 TV</display-name><icon src="https://example.com/logos/1TV.png"/><url>https://example.com</url></channel>
<channel id="2TV.com"><display-name>2 TV</display-name><url>https://example.com</url></channel>
<programme start="20210319060000 +0000" stop="20210319063000 +0000" channel="1TV.com"><title lang="it">Program 1</title><sub-title lang="it">Sub-title &amp; 1</sub-title><desc lang="it">Description for Program 1</desc><date>20220505</date><icon src="https://example.com/images/Program1.png?x=шеллы&amp;sid=777"/><url>http://example.com/title.html</url><episode-num system="xmltv_ns">8.238.0/1</episode-num><episode-num system="onscreen">S09E239</episode-num><credits><director>Director 1<url system="TestSystem">http://example.com/director1.html</url><image>https://example.com/image1.jpg</image><image type="person" size="2" orient="P" system="TestSystem">https://example.com/image2.jpg</image></director><director>Director 2</director><actor>Actor 1</actor><actor>Actor 2</actor><writer>Writer 1</writer></credits><category lang="it">Test</category><rating system="MPAA"><value>PG</value><icon src="http://example.com/pg_symbol.png"/></rating></programme></tv>